// Jest Snapshot v1, https://goo.gl/fbAQLP

exports[`HelpMessage component should render correctly 1`] = `ShallowWrapper {}`;
