// Jest Snapshot v1, https://goo.gl/fbAQLP

exports[`VisibleOutput component should render correctly 1`] = `ShallowWrapper {}`;
