// Jest Snapshot v1, https://goo.gl/fbAQLP

exports[`SouvenirStore component should render with no props only wrapped in Provider 1`] = `ShallowWrapper {}`;
