// Jest Snapshot v1, https://goo.gl/fbAQLP

exports[`App component should render correctly with given message props 1`] = `ShallowWrapper {}`;

exports[`App component should render correctly with no props but with React children 1`] = `ShallowWrapper {}`;
