// Jest Snapshot v1, https://goo.gl/fbAQLP

exports[`RequestForm component should render correctly with given props 1`] = `ShallowWrapper {}`;
